2026-10-04 23:18:58 [main] INFO  c.myfinance.security.JwtServiceTest - Starting JwtServiceTest using Java 17.0.20 with PID 88036 (started by mugu in /Users/mugu/Documents/Projects/myfinance/backend)
2026-10-04 23:18:58 [main] DEBUG c.myfinance.security.JwtServiceTest - Running with Spring Boot v3.2.5, Spring v6.1.6
2026-10-04 23:18:58 [main] INFO  c.myfinance.security.JwtServiceTest - No active profile set, falling back to 1 default profile: "default"
2026-10-04 23:19:01 [main] INFO  o.s.d.r.c.RepositoryConfigurationDelegate - Bootstrapping Spring Data JPA repositories in DEFAULT mode.
2026-10-04 23:19:01 [main] INFO  o.s.d.r.c.RepositoryConfigurationDelegate - Finished Spring Data repository scanning in 339 ms. Found 48 JPA repository interfaces.
2026-10-04 23:19:03 [main] INFO  o.h.jpa.internal.util.LogHelper - HHH000204: Processing PersistenceUnitInfo [name: default]
2026-10-04 23:19:03 [main] INFO  org.hibernate.Version - HHH000412: Hibernate ORM core version 6.4.4.Final
2026-10-04 23:19:03 [main] INFO  o.h.c.i.RegionFactoryInitiator - HHH000026: Second-level cache disabled
2026-10-04 23:19:04 [main] INFO  o.s.o.j.p.SpringPersistenceUnitInfo - No LoadTimeWeaver setup: ignoring JPA class transformer
2026-10-04 23:19:04 [main] INFO  com.zaxxer.hikari.HikariDataSource - HikariPool-1 - Starting...
2026-10-04 23:19:05 [main] INFO  com.zaxxer.hikari.pool.HikariPool - HikariPool-1 - Added connection conn0: url=jdbc:h2:mem:testdb user=SA
2026-10-04 23:19:05 [main] INFO  com.zaxxer.hikari.HikariDataSource - HikariPool-1 - Start completed.
2026-10-04 23:19:05 [main] WARN  org.hibernate.orm.deprecation - HHH90000025: H2Dialect does not need to be specified explicitly using 'hibernate.dialect' (remove the property setting and it will be selected by default)
2026-10-04 23:19:09 [main] INFO  o.h.e.t.j.p.i.JtaPlatformInitiator - HHH000489: No JTA platform available (set 'hibernate.transaction.jta.platform' to enable JTA platform integration)
2026-10-04 23:19:10 [main] INFO  o.s.o.j.LocalContainerEntityManagerFactoryBean - Initialized JPA EntityManagerFactory for persistence unit 'default'
2026-10-04 23:19:11 [main] INFO  o.s.d.j.r.query.QueryEnhancerFactory - Hibernate is in classpath; If applicable, HQL parser will be used.
2026-10-04 23:19:16 [main] INFO  c.m.security.CredentialCipher - app.crypto.master-key not set — broker credential storage is disabled until a key is configured
2026-10-04 23:19:17 [main] INFO  c.m.service.ReceiptScanService - Receipt OCR disabled: app.ocr.tessdata-path is not configured.
2026-10-04 23:19:21 [main] INFO  o.s.s.web.DefaultSecurityFilterChain - Will secure any request with [org.springframework.security.web.session.DisableEncodeUrlFilter@51a3e128, org.springframework.security.web.context.request.async.WebAsyncManagerIntegrationFilter@6d4e3139, org.springframework.security.web.context.SecurityContextHolderFilter@53148595, org.springframework.security.web.header.HeaderWriterFilter@50eaecc8, org.springframework.web.filter.CorsFilter@6895513e, org.springframework.security.web.authentication.logout.LogoutFilter@54a14d69, com.myfinance.provisioning.ProvisioningTokenFilter@152153aa, com.myfinance.security.JwtAuthFilter@202ab08b, org.springframework.security.web.savedrequest.RequestCacheAwareFilter@1f7264fa, org.springframework.security.web.servletapi.SecurityContextHolderAwareRequestFilter@3b08b831, org.springframework.security.web.authentication.AnonymousAuthenticationFilter@69d98805, org.springframework.security.web.session.SessionManagementFilter@151f1ad0, org.springframework.security.web.access.ExceptionTranslationFilter@a6e068a, org.springframework.security.web.access.intercept.AuthorizationFilter@1382db9d]
2026-10-04 23:19:22 [main] INFO  o.s.b.a.h.H2ConsoleAutoConfiguration - H2 console available at '/h2-console'. Database available at 'jdbc:h2:mem:testdb'
2026-10-04 23:19:22 [main] INFO  c.myfinance.security.JwtServiceTest - Started JwtServiceTest in 25.198 seconds (process running for 33.912)
2026-10-04 23:19:23 [main] INFO  c.m.config.AdminUserInitializer - Admin user created (admin / admin123) — change password immediately!
2026-10-04 23:19:24 [main] INFO  o.s.o.j.LocalContainerEntityManagerFactoryBean - Closing JPA EntityManagerFactory for persistence unit 'default'
2026-10-04 23:19:24 [main] INFO  com.zaxxer.hikari.HikariDataSource - HikariPool-1 - Shutdown initiated...
2026-10-04 23:19:24 [main] INFO  com.zaxxer.hikari.HikariDataSource - HikariPool-1 - Shutdown completed.
2026-10-04 23:19:26 [main] DEBUG c.myfinance.security.JwtAuthFilter - JWT authentication failed: malformed
2026-10-04 23:19:26 [main] DEBUG c.myfinance.security.JwtAuthFilter - Invalid JWT token for user=mugu
2026-10-04 23:19:26 [main] ERROR c.m.security.CredentialCipher - app.crypto.master-key is not valid base64; broker credential encryption is DISABLED
2026-10-04 23:19:26 [main] INFO  c.m.security.CredentialCipher - app.crypto.master-key not set — broker credential storage is disabled until a key is configured
2026-10-04 23:19:26 [main] INFO  o.s.t.c.s.AnnotationConfigContextLoaderUtils - Could not detect default configuration classes for test class [com.myfinance.provisioning.ProvisioningControllerTest]: ProvisioningControllerTest does not declare any static, non-private, non-final, nested classes annotated with @Configuration.
2026-10-04 23:19:26 [main] INFO  o.s.b.t.c.SpringBootTestContextBootstrapper - Found @SpringBootConfiguration com.myfinance.MyFinanceApplication for test class com.myfinance.provisioning.ProvisioningControllerTest
2026-10-04 23:19:26 [main] INFO  c.m.p.ProvisioningControllerTest - Starting ProvisioningControllerTest using Java 17.0.20 with PID 88036 (started by mugu in /Users/mugu/Documents/Projects/myfinance/backend)
2026-10-04 23:19:26 [main] DEBUG c.m.p.ProvisioningControllerTest - Running with Spring Boot v3.2.5, Spring v6.1.6
2026-10-04 23:19:26 [main] INFO  c.m.p.ProvisioningControllerTest - No active profile set, falling back to 1 default profile: "default"
2026-10-04 23:19:27 [main] INFO  o.s.d.r.c.RepositoryConfigurationDelegate - Bootstrapping Spring Data JPA repositories in DEFAULT mode.
2026-10-04 23:19:27 [main] INFO  o.s.d.r.c.RepositoryConfigurationDelegate - Finished Spring Data repository scanning in 229 ms. Found 48 JPA repository interfaces.
2026-10-04 23:19:28 [main] INFO  o.h.jpa.internal.util.LogHelper - HHH000204: Processing PersistenceUnitInfo [name: default]
2026-10-04 23:19:28 [main] INFO  o.h.c.i.RegionFactoryInitiator - HHH000026: Second-level cache disabled
2026-10-04 23:19:28 [main] INFO  o.s.o.j.p.SpringPersistenceUnitInfo - No LoadTimeWeaver setup: ignoring JPA class transformer
2026-10-04 23:19:28 [main] INFO  com.zaxxer.hikari.HikariDataSource - HikariPool-2 - Starting...
2026-10-04 23:19:28 [main] INFO  com.zaxxer.hikari.pool.HikariPool - HikariPool-2 - Added connection conn10: url=jdbc:h2:mem:testdb user=SA
2026-10-04 23:19:28 [main] INFO  com.zaxxer.hikari.HikariDataSource - HikariPool-2 - Start completed.
2026-10-04 23:19:28 [main] WARN  org.hibernate.orm.deprecation - HHH90000025: H2Dialect does not need to be specified explicitly using 'hibernate.dialect' (remove the property setting and it will be selected by default)
2026-10-04 23:19:34 [main] INFO  o.h.e.t.j.p.i.JtaPlatformInitiator - HHH000489: No JTA platform available (set 'hibernate.transaction.jta.platform' to enable JTA platform integration)
2026-10-04 23:19:34 [main] INFO  o.s.o.j.LocalContainerEntityManagerFactoryBean - Initialized JPA EntityManagerFactory for persistence unit 'default'
2026-10-04 23:19:41 [main] INFO  c.m.security.CredentialCipher - app.crypto.master-key not set — broker credential storage is disabled until a key is configured
2026-10-04 23:19:44 [main] INFO  c.m.service.ReceiptScanService - Receipt OCR disabled: app.ocr.tessdata-path is not configured.
2026-10-04 23:19:48 [main] INFO  o.s.s.web.DefaultSecurityFilterChain - Will secure any request with [org.springframework.security.web.session.DisableEncodeUrlFilter@5aa25b51, org.springframework.security.web.context.request.async.WebAsyncManagerIntegrationFilter@29c8c3fc, org.springframework.security.web.context.SecurityContextHolderFilter@daa2d73, org.springframework.security.web.header.HeaderWriterFilter@3d2a828, org.springframework.web.filter.CorsFilter@1e432234, org.springframework.security.web.authentication.logout.LogoutFilter@238a1273, com.myfinance.provisioning.ProvisioningTokenFilter@7ee769ca, com.myfinance.security.JwtAuthFilter@35bfa3f5, org.springframework.security.web.savedrequest.RequestCacheAwareFilter@57a179c2, org.springframework.security.web.servletapi.SecurityContextHolderAwareRequestFilter@41a418f6, org.springframework.security.web.authentication.AnonymousAuthenticationFilter@5e187ea8, org.springframework.security.web.session.SessionManagementFilter@496efc61, org.springframework.security.web.access.ExceptionTranslationFilter@76f58480, org.springframework.security.web.access.intercept.AuthorizationFilter@1e3bc410]
2026-10-04 23:19:48 [main] INFO  o.s.b.a.h.H2ConsoleAutoConfiguration - H2 console available at '/h2-console'. Database available at 'jdbc:h2:mem:testdb'
2026-10-04 23:19:49 [main] DEBUG c.m.p.ProvisioningTokenFilter - Filter 'provisioningTokenFilter' configured for use
2026-10-04 23:19:49 [main] DEBUG c.myfinance.security.JwtAuthFilter - Filter 'jwtAuthFilter' configured for use
2026-10-04 23:19:49 [main] DEBUG c.m.config.RequestLoggingConfig$1 - Filter 'requestLoggingFilter' configured for use
2026-10-04 23:19:49 [main] INFO  o.s.b.t.m.w.SpringBootMockServletContext - Initializing Spring TestDispatcherServlet ''
2026-10-04 23:19:49 [main] INFO  o.s.t.w.s.TestDispatcherServlet - Initializing Servlet ''
2026-10-04 23:19:49 [main] INFO  o.s.t.w.s.TestDispatcherServlet - Completed initialization in 2 ms
2026-10-04 23:19:49 [main] INFO  c.m.p.ProvisioningControllerTest - Started ProvisioningControllerTest in 22.771 seconds (process running for 60.275)
2026-10-04 23:19:49 [main] INFO  o.s.b.a.l.ConditionEvaluationReportLogger - 

Error starting ApplicationContext. To display the condition evaluation report re-run your application with 'debug' enabled.
2026-10-04 23:19:49 [SpringApplicationShutdownHook] INFO  o.s.o.j.LocalContainerEntityManagerFactoryBean - Closing JPA EntityManagerFactory for persistence unit 'default'
2026-10-04 23:19:49 [SpringApplicationShutdownHook] INFO  com.zaxxer.hikari.HikariDataSource - HikariPool-2 - Shutdown initiated...
2026-10-04 23:19:49 [SpringApplicationShutdownHook] INFO  com.zaxxer.hikari.HikariDataSource - HikariPool-2 - Shutdown completed.
